nohup: ignoring input
pygame 2.1.2 (SDL 2.0.16, Python 3.8.10)
Hello from the pygame community. https://www.pygame.org/contribute.html
============================================================
开始快速可扩展性评测
============================================================
算法: ['delta', 'beam', 'spars']
环境: ['random', 'maze', 'indoor']
顶点数范围: [200, 500, 1000]
每个配置测试 3 个不同的seed
总测试数: 81
============================================================
已删除旧文件: ./pursuer_strategies/PRM/results/scalability_evaluation.csv


进度: 1/81

运行测试: delta on random (nodes=200, seed=100)
开始生成delta-PRM...
目标采样: 200 个节点...
已采样 50/200 节点，连续失败: 0
已采样 100/200 节点，连续失败: 0
已采样 150/200 节点，连续失败: 0
已采样 200/200 节点，连续失败: 0
delta-PRM生成完成！
节点数: 199
边数: 796
生成时间: 0.20 秒
总尝试次数: 270, 成功率: 74.1%
✓ 成功: delta on random (nodes=200, seed=100)
  - 生成时间: 0.199s
  - 实际节点数: 199
  - 边数: 796
  - 路径成功: True
  - 路径长度: 5.289
  - 搜索时间: 0.0416s

进度: 2/81

运行测试: delta on random (nodes=200, seed=101)
开始生成delta-PRM...
目标采样: 200 个节点...
已采样 50/200 节点，连续失败: 0
已采样 100/200 节点，连续失败: 0
已采样 150/200 节点，连续失败: 0
已采样 200/200 节点，连续失败: 0
delta-PRM生成完成！
节点数: 200
边数: 799
生成时间: 0.17 秒
总尝试次数: 283, 成功率: 70.7%
✓ 成功: delta on random (nodes=200, seed=101)
  - 生成时间: 0.174s
  - 实际节点数: 200
  - 边数: 799
  - 路径成功: True
  - 路径长度: 5.095
  - 搜索时间: 0.0497s

进度: 3/81

运行测试: delta on random (nodes=200, seed=102)
开始生成delta-PRM...
目标采样: 200 个节点...
已采样 50/200 节点，连续失败: 0
已采样 100/200 节点，连续失败: 0
已采样 150/200 节点，连续失败: 0
已采样 200/200 节点，连续失败: 0
delta-PRM生成完成！
节点数: 195
边数: 838
生成时间: 0.19 秒
总尝试次数: 274, 成功率: 73.0%
✓ 成功: delta on random (nodes=200, seed=102)
  - 生成时间: 0.188s
  - 实际节点数: 195
  - 边数: 838
  - 路径成功: True
  - 路径长度: 4.749
  - 搜索时间: 0.0452s

进度: 4/81

运行测试: delta on random (nodes=500, seed=100)
开始生成delta-PRM...
目标采样: 500 个节点...
已采样 50/500 节点，连续失败: 0
已采样 100/500 节点，连续失败: 0
已采样 150/500 节点，连续失败: 0
已采样 200/500 节点，连续失败: 0
已采样 250/500 节点，连续失败: 0
已采样 300/500 节点，连续失败: 0
已采样 350/500 节点，连续失败: 0
已采样 400/500 节点，连续失败: 0
已采样 450/500 节点，连续失败: 0
已采样 500/500 节点，连续失败: 0
delta-PRM生成完成！
节点数: 498
边数: 5099
生成时间: 1.11 秒
总尝试次数: 1209, 成功率: 41.4%
✓ 成功: delta on random (nodes=500, seed=100)
  - 生成时间: 1.107s
  - 实际节点数: 498
  - 边数: 5099
  - 路径成功: True
  - 路径长度: 3.991
  - 搜索时间: 0.1197s

进度: 5/81

运行测试: delta on random (nodes=500, seed=101)
开始生成delta-PRM...
目标采样: 500 个节点...
已采样 50/500 节点，连续失败: 0
已采样 100/500 节点，连续失败: 0
已采样 150/500 节点，连续失败: 0
已采样 200/500 节点，连续失败: 0
已采样 250/500 节点，连续失败: 0
已采样 300/500 节点，连续失败: 0
已采样 350/500 节点，连续失败: 0
已采样 400/500 节点，连续失败: 0
已采样 450/500 节点，连续失败: 0
已采样 500/500 节点，连续失败: 0
delta-PRM生成完成！
节点数: 498
边数: 4806
生成时间: 1.06 秒
总尝试次数: 1437, 成功率: 34.8%
✓ 成功: delta on random (nodes=500, seed=101)
  - 生成时间: 1.060s
  - 实际节点数: 498
  - 边数: 4806
  - 路径成功: True
  - 路径长度: 5.141
  - 搜索时间: 0.0935s

进度: 6/81

运行测试: delta on random (nodes=500, seed=102)
开始生成delta-PRM...
目标采样: 500 个节点...
已采样 50/500 节点，连续失败: 0
已采样 100/500 节点，连续失败: 0
已采样 150/500 节点，连续失败: 0
已采样 200/500 节点，连续失败: 0
已采样 250/500 节点，连续失败: 0
已采样 300/500 节点，连续失败: 0
已采样 350/500 节点，连续失败: 0
已采样 400/500 节点，连续失败: 0
已采样 450/500 节点，连续失败: 0
已采样 500/500 节点，连续失败: 0
delta-PRM生成完成！
节点数: 497
边数: 5046
生成时间: 1.09 秒
总尝试次数: 1254, 成功率: 39.9%
✓ 成功: delta on random (nodes=500, seed=102)
  - 生成时间: 1.092s
  - 实际节点数: 497
  - 边数: 5046
  - 路径成功: True
  - 路径长度: 4.981
  - 搜索时间: 0.1157s

进度: 7/81

运行测试: delta on random (nodes=1000, seed=100)
开始生成delta-PRM...
目标采样: 1000 个节点...
已采样 50/1000 节点，连续失败: 0
已采样 100/1000 节点，连续失败: 0
已采样 150/1000 节点，连续失败: 0
已采样 200/1000 节点，连续失败: 0
已采样 250/1000 节点，连续失败: 0
已采样 300/1000 节点，连续失败: 0
已采样 350/1000 节点，连续失败: 0
已采样 400/1000 节点，连续失败: 0
已采样 450/1000 节点，连续失败: 0
已采样 500/1000 节点，连续失败: 0
已采样 550/1000 节点，连续失败: 0
已采样 600/1000 节点，连续失败: 0
已采样 650/1000 节点，连续失败: 0
达到最大连续失败次数：100次
delta-PRM生成完成！
节点数: 666
边数: 9028
生成时间: 2.00 秒
总尝试次数: 3512, 成功率: 19.0%
✓ 成功: delta on random (nodes=1000, seed=100)
  - 生成时间: 2.001s
  - 实际节点数: 666
  - 边数: 9028
  - 路径成功: True
  - 路径长度: 4.159
  - 搜索时间: 0.1302s

进度: 8/81

运行测试: delta on random (nodes=1000, seed=101)
开始生成delta-PRM...
目标采样: 1000 个节点...
已采样 50/1000 节点，连续失败: 0
已采样 100/1000 节点，连续失败: 0
已采样 150/1000 节点，连续失败: 0
已采样 200/1000 节点，连续失败: 0
已采样 250/1000 节点，连续失败: 0
已采样 300/1000 节点，连续失败: 0
已采样 350/1000 节点，连续失败: 0
已采样 400/1000 节点，连续失败: 0
已采样 450/1000 节点，连续失败: 0
已采样 500/1000 节点，连续失败: 0
已采样 550/1000 节点，连续失败: 0
已采样 600/1000 节点，连续失败: 0
已采样 650/1000 节点，连续失败: 0
达到最大连续失败次数：100次
delta-PRM生成完成！
节点数: 652
边数: 8252
生成时间: 1.79 秒
总尝试次数: 3236, 成功率: 20.2%
✓ 成功: delta on random (nodes=1000, seed=101)
  - 生成时间: 1.788s
  - 实际节点数: 652
  - 边数: 8252
  - 路径成功: True
  - 路径长度: 4.427
  - 搜索时间: 0.1201s

进度: 9/81

运行测试: delta on random (nodes=1000, seed=102)
开始生成delta-PRM...
目标采样: 1000 个节点...
已采样 50/1000 节点，连续失败: 0
已采样 100/1000 节点，连续失败: 0
已采样 150/1000 节点，连续失败: 0
已采样 200/1000 节点，连续失败: 0
已采样 250/1000 节点，连续失败: 0
已采样 300/1000 节点，连续失败: 0
已采样 350/1000 节点，连续失败: 0
已采样 400/1000 节点，连续失败: 0
已采样 450/1000 节点，连续失败: 0
已采样 500/1000 节点，连续失败: 0
已采样 550/1000 节点，连续失败: 0
已采样 600/1000 节点，连续失败: 0
已采样 650/1000 节点，连续失败: 0
达到最大连续失败次数：100次
delta-PRM生成完成！
节点数: 679
边数: 9317
生成时间: 2.02 秒
总尝试次数: 3487, 成功率: 19.6%
✓ 成功: delta on random (nodes=1000, seed=102)
  - 生成时间: 2.016s
  - 实际节点数: 679
  - 边数: 9317
  - 路径成功: True
  - 路径长度: 5.280
  - 搜索时间: 0.1466s

进度: 10/81

运行测试: beam on random (nodes=200, seed=100)
探索节点 (5.89, 4.55) | 已生成 190/200
minus time: 0.03 秒
✓ 成功: beam on random (nodes=200, seed=100)
  - 生成时间: 0.464s
  - 实际节点数: 200
  - 边数: 684
  - 路径成功: True
  - 路径长度: 4.744
  - 搜索时间: 0.0424s

进度: 11/81

运行测试: beam on random (nodes=200, seed=101)
探索节点 (5.510935963221621, 0.888148353270271) | 已生成 70/200
探索节点 (0.6411483768199862, 0.6308690282897009) | 已生成 80/200
探索节点 (0.37, 3.21) | 已生成 120/200
探索节点 (4.96, 4.45) | 已生成 130/200
探索节点 (2.29, 1.42) | 已生成 160/200
minus time: 0.03 秒
✓ 成功: beam on random (nodes=200, seed=101)
  - 生成时间: 0.438s
  - 实际节点数: 200
  - 边数: 671
  - 路径成功: True
  - 路径长度: 5.033
  - 搜索时间: 0.0358s

进度: 12/81

运行测试: beam on random (nodes=200, seed=102)
探索节点 (3.01, 5.52) | 已生成 80/200
探索节点 (4.34, 1.43) | 已生成 100/200
探索节点 (2.96, 0.25) | 已生成 130/200
探索节点 (0.83, 7.05) | 已生成 160/200
minus time: 0.04 秒
✓ 成功: beam on random (nodes=200, seed=102)
  - 生成时间: 0.493s
  - 实际节点数: 200
  - 边数: 666
  - 路径成功: True
  - 路径长度: 3.907
  - 搜索时间: 0.0391s

进度: 13/81

运行测试: beam on random (nodes=500, seed=100)
探索节点 (5.89, 4.55) | 已生成 190/500
探索节点 (7.75, 0.65) | 已生成 200/500
探索节点 (0.98, 6.54) | 已生成 210/500
探索节点 (5.11, 7.25) | 已生成 230/500
探索节点 (0.55, 6.43) | 已生成 240/500
探索节点 (0.55, 4.66) | 已生成 240/500
探索节点 (1.24, 7.35) | 已生成 240/500
探索节点 (3.54, 2.51) | 已生成 250/500
探索节点 (5.14, 0.77) | 已生成 250/500
探索节点 (3.85, 5.25) | 已生成 260/500
探索节点 (5.7, 6.73) | 已生成 270/500
探索节点 (6.48, 4.8) | 已生成 270/500
frontier 为空，无法继续扩展。
minus time: 0.06 秒
✓ 成功: beam on random (nodes=500, seed=100)
  - 生成时间: 1.929s
  - 实际节点数: 314
  - 边数: 1541
  - 路径成功: True
  - 路径长度: 4.643
  - 搜索时间: 0.0586s

进度: 14/81

运行测试: beam on random (nodes=500, seed=101)
探索节点 (5.510935963221621, 0.888148353270271) | 已生成 70/500
探索节点 (0.6411483768199862, 0.6308690282897009) | 已生成 80/500
探索节点 (0.37, 3.21) | 已生成 120/500
探索节点 (4.96, 4.45) | 已生成 130/500
探索节点 (2.29, 1.42) | 已生成 160/500
探索节点 (1.46, 1.17) | 已生成 200/500
探索节点 (4.26, 0.64) | 已生成 210/500
探索节点 (4.0, 0.49) | 已生成 250/500
探索节点 (2.36, 7.76) | 已生成 250/500
探索节点 (5.08, 6.24) | 已生成 250/500
探索节点 (2.61, 2.18) | 已生成 250/500
探索节点 (1.35, 5.86) | 已生成 250/500
探索节点 (7.06, 1.63) | 已生成 250/500
探索节点 (3.03, 7.78) | 已生成 250/500
探索节点 (2.46, 6.56) | 已生成 300/500
探索节点 (2.11, 7.17) | 已生成 300/500
探索节点 (6.28, 5.38) | 已生成 300/500
frontier 为空，无法继续扩展。
minus time: 0.05 秒
✓ 成功: beam on random (nodes=500, seed=101)
  - 生成时间: 1.768s
  - 实际节点数: 304
  - 边数: 1492
  - 路径成功: True
  - 路径长度: 4.980
  - 搜索时间: 0.0482s

进度: 15/81

运行测试: beam on random (nodes=500, seed=102)
探索节点 (3.01, 5.52) | 已生成 80/500
探索节点 (4.34, 1.43) | 已生成 100/500
探索节点 (2.96, 0.25) | 已生成 130/500
探索节点 (0.83, 7.05) | 已生成 160/500
探索节点 (5.45, 4.13) | 已生成 230/500
探索节点 (6.04, 3.82) | 已生成 230/500
探索节点 (3.39, 3.81) | 已生成 230/500
探索节点 (5.55, 7.42) | 已生成 240/500
探索节点 (7.46, 7.34) | 已生成 240/500
探索节点 (3.12, 5.15) | 已生成 240/500
探索节点 (5.26, 3.08) | 已生成 240/500
探索节点 (0.96, 7.76) | 已生成 270/500
探索节点 (1.75, 5.94) | 已生成 270/500
探索节点 (3.31, 1.91) | 已生成 270/500
探索节点 (3.43, 1.45) | 已生成 280/500
探索节点 (0.77, 5.12) | 已生成 280/500
探索节点 (2.0, 7.41) | 已生成 290/500
探索节点 (3.35, 7.51) | 已生成 290/500
探索节点 (1.13, 5.05) | 已生成 290/500
探索节点 (2.55, 1.92) | 已生成 290/500
探索节点 (6.7, 2.05) | 已生成 290/500
探索节点 (0.4, 4.52) | 已生成 290/500
探索节点 (6.46, 6.78) | 已生成 290/500
探索节点 (6.35, 7.06) | 已生成 290/500
探索节点 (4.01, 6.59) | 已生成 290/500
探索节点 (4.95, 7.45) | 已生成 300/500
探索节点 (3.7857737308048334, 5.419466080962751) | 已生成 300/500
探索节点 (1.908805873779638, 5.128063575908706) | 已生成 300/500
探索节点 (2.09, 3.83) | 已生成 300/500
探索节点 (7.13, 2.76) | 已生成 310/500
探索节点 (6.54, 2.49) | 已生成 310/500
frontier 为空，无法继续扩展。
minus time: 0.06 秒
✓ 成功: beam on random (nodes=500, seed=102)
  - 生成时间: 1.712s
  - 实际节点数: 310
  - 边数: 1475
  - 路径成功: True
  - 路径长度: 3.833
  - 搜索时间: 0.0530s

进度: 16/81

运行测试: beam on random (nodes=1000, seed=100)
探索节点 (5.89, 4.55) | 已生成 190/1000
探索节点 (7.75, 0.65) | 已生成 200/1000
探索节点 (0.98, 6.54) | 已生成 210/1000
探索节点 (5.11, 7.25) | 已生成 230/1000
探索节点 (0.55, 6.43) | 已生成 240/1000
探索节点 (0.55, 4.66) | 已生成 240/1000
探索节点 (1.24, 7.35) | 已生成 240/1000
探索节点 (3.54, 2.51) | 已生成 250/1000
探索节点 (5.14, 0.77) | 已生成 250/1000
探索节点 (3.85, 5.25) | 已生成 260/1000
探索节点 (5.7, 6.73) | 已生成 270/1000
探索节点 (6.48, 4.8) | 已生成 270/1000
frontier 为空，无法继续扩展。
minus time: 0.06 秒
✓ 成功: beam on random (nodes=1000, seed=100)
  - 生成时间: 1.897s
  - 实际节点数: 314
  - 边数: 1541
  - 路径成功: True
  - 路径长度: 4.643
  - 搜索时间: 0.0584s

进度: 17/81

运行测试: beam on random (nodes=1000, seed=101)
探索节点 (5.510935963221621, 0.888148353270271) | 已生成 70/1000
探索节点 (0.6411483768199862, 0.6308690282897009) | 已生成 80/1000
探索节点 (0.37, 3.21) | 已生成 120/1000
探索节点 (4.96, 4.45) | 已生成 130/1000
探索节点 (2.29, 1.42) | 已生成 160/1000
探索节点 (1.46, 1.17) | 已生成 200/1000
探索节点 (4.26, 0.64) | 已生成 210/1000
探索节点 (4.0, 0.49) | 已生成 250/1000
探索节点 (2.36, 7.76) | 已生成 250/1000
探索节点 (5.08, 6.24) | 已生成 250/1000
探索节点 (2.61, 2.18) | 已生成 250/1000
探索节点 (1.35, 5.86) | 已生成 250/1000
探索节点 (7.06, 1.63) | 已生成 250/1000
探索节点 (3.03, 7.78) | 已生成 250/1000
探索节点 (2.46, 6.56) | 已生成 300/1000
探索节点 (2.11, 7.17) | 已生成 300/1000
探索节点 (6.28, 5.38) | 已生成 300/1000
frontier 为空，无法继续扩展。
minus time: 0.06 秒
✓ 成功: beam on random (nodes=1000, seed=101)
  - 生成时间: 1.768s
  - 实际节点数: 304
  - 边数: 1492
  - 路径成功: True
  - 路径长度: 4.980
  - 搜索时间: 0.0482s

进度: 18/81

运行测试: beam on random (nodes=1000, seed=102)
探索节点 (3.01, 5.52) | 已生成 80/1000
探索节点 (4.34, 1.43) | 已生成 100/1000
探索节点 (2.96, 0.25) | 已生成 130/1000
探索节点 (0.83, 7.05) | 已生成 160/1000
探索节点 (5.45, 4.13) | 已生成 230/1000
探索节点 (6.04, 3.82) | 已生成 230/1000
探索节点 (3.39, 3.81) | 已生成 230/1000
探索节点 (5.55, 7.42) | 已生成 240/1000
探索节点 (7.46, 7.34) | 已生成 240/1000
探索节点 (3.12, 5.15) | 已生成 240/1000
探索节点 (5.26, 3.08) | 已生成 240/1000
探索节点 (0.96, 7.76) | 已生成 270/1000
探索节点 (1.75, 5.94) | 已生成 270/1000
探索节点 (3.31, 1.91) | 已生成 270/1000
探索节点 (3.43, 1.45) | 已生成 280/1000
探索节点 (0.77, 5.12) | 已生成 280/1000
探索节点 (2.0, 7.41) | 已生成 290/1000
探索节点 (3.35, 7.51) | 已生成 290/1000
探索节点 (1.13, 5.05) | 已生成 290/1000
探索节点 (2.55, 1.92) | 已生成 290/1000
探索节点 (6.7, 2.05) | 已生成 290/1000
探索节点 (0.4, 4.52) | 已生成 290/1000
探索节点 (6.46, 6.78) | 已生成 290/1000
探索节点 (6.35, 7.06) | 已生成 290/1000
探索节点 (4.01, 6.59) | 已生成 290/1000
探索节点 (4.95, 7.45) | 已生成 300/1000
探索节点 (3.7857737308048334, 5.419466080962751) | 已生成 300/1000
探索节点 (1.908805873779638, 5.128063575908706) | 已生成 300/1000
探索节点 (2.09, 3.83) | 已生成 300/1000
探索节点 (7.13, 2.76) | 已生成 310/1000
探索节点 (6.54, 2.49) | 已生成 310/1000
frontier 为空，无法继续扩展。
minus time: 0.06 秒
✓ 成功: beam on random (nodes=1000, seed=102)
  - 生成时间: 1.715s
  - 实际节点数: 310
  - 边数: 1475
  - 路径成功: True
  - 路径长度: 3.833
  - 搜索时间: 0.0531s

进度: 19/81

运行测试: spars on random (nodes=200, seed=100)
开始生成SPARS路径图 (max_samples=200, stretch_factor=3.0)
SPARS生成完成！
稀疏图节点数: 100
稀疏图边数: 108
稠密图节点数: 200
稠密图边数: 256
✓ 成功: spars on random (nodes=200, seed=100)
  - 生成时间: 0.053s
  - 实际节点数: 100
  - 边数: 108
  - 路径成功: True
  - 路径长度: 5.157
  - 搜索时间: 0.0292s

进度: 20/81

运行测试: spars on random (nodes=200, seed=101)
开始生成SPARS路径图 (max_samples=200, stretch_factor=3.0)
SPARS生成完成！
稀疏图节点数: 82
稀疏图边数: 79
稠密图节点数: 200
稠密图边数: 319
✓ 成功: spars on random (nodes=200, seed=101)
  - 生成时间: 0.053s
  - 实际节点数: 82
  - 边数: 79
  - 路径成功: True
  - 路径长度: 5.705
  - 搜索时间: 0.0269s

进度: 21/81

运行测试: spars on random (nodes=200, seed=102)
开始生成SPARS路径图 (max_samples=200, stretch_factor=3.0)
SPARS生成完成！
稀疏图节点数: 100
稀疏图边数: 113
稠密图节点数: 200
稠密图边数: 313
✓ 成功: spars on random (nodes=200, seed=102)
  - 生成时间: 0.059s
  - 实际节点数: 100
  - 边数: 113
  - 路径成功: True
  - 路径长度: 3.019
  - 搜索时间: 0.0240s

进度: 22/81

运行测试: spars on random (nodes=500, seed=100)
开始生成SPARS路径图 (max_samples=500, stretch_factor=3.0)
SPARS生成完成！
稀疏图节点数: 189
稀疏图边数: 300
稠密图节点数: 500
稠密图边数: 1696
✓ 成功: spars on random (nodes=500, seed=100)
  - 生成时间: 0.289s
  - 实际节点数: 189
  - 边数: 300
  - 路径成功: True
  - 路径长度: 6.009
  - 搜索时间: 0.0393s

进度: 23/81

运行测试: spars on random (nodes=500, seed=101)
开始生成SPARS路径图 (max_samples=500, stretch_factor=3.0)
SPARS生成完成！
稀疏图节点数: 153
稀疏图边数: 214
稠密图节点数: 500
稠密图边数: 1832
✓ 成功: spars on random (nodes=500, seed=101)
  - 生成时间: 0.262s
  - 实际节点数: 153
  - 边数: 214
  - 路径成功: True
  - 路径长度: 5.155
  - 搜索时间: 0.0369s

进度: 24/81

运行测试: spars on random (nodes=500, seed=102)
开始生成SPARS路径图 (max_samples=500, stretch_factor=3.0)
SPARS生成完成！
稀疏图节点数: 173
稀疏图边数: 283
稠密图节点数: 500
稠密图边数: 1784
✓ 成功: spars on random (nodes=500, seed=102)
  - 生成时间: 0.292s
  - 实际节点数: 173
  - 边数: 283
  - 路径成功: True
  - 路径长度: 5.426
  - 搜索时间: 0.0387s

进度: 25/81

运行测试: spars on random (nodes=1000, seed=100)
开始生成SPARS路径图 (max_samples=1000, stretch_factor=3.0)
SPARS生成完成！
稀疏图节点数: 309
稀疏图边数: 621
稠密图节点数: 1000
稠密图边数: 6825
✓ 成功: spars on random (nodes=1000, seed=100)
  - 生成时间: 1.009s
  - 实际节点数: 309
  - 边数: 621
  - 路径成功: True
  - 路径长度: 4.240
  - 搜索时间: 0.0622s

进度: 26/81

运行测试: spars on random (nodes=1000, seed=101)
开始生成SPARS路径图 (max_samples=1000, stretch_factor=3.0)
SPARS生成完成！
稀疏图节点数: 255
稀疏图边数: 485
稠密图节点数: 1000
稠密图边数: 7382
✓ 成功: spars on random (nodes=1000, seed=101)
  - 生成时间: 0.925s
  - 实际节点数: 255
  - 边数: 485
  - 路径成功: True
  - 路径长度: 3.617
  - 搜索时间: 0.0574s

进度: 27/81

运行测试: spars on random (nodes=1000, seed=102)
开始生成SPARS路径图 (max_samples=1000, stretch_factor=3.0)
SPARS生成完成！
稀疏图节点数: 298
稀疏图边数: 641
稠密图节点数: 1000
稠密图边数: 7123
✓ 成功: spars on random (nodes=1000, seed=102)
  - 生成时间: 1.015s
  - 实际节点数: 298
  - 边数: 641
  - 路径成功: True
  - 路径长度: 3.542
  - 搜索时间: 0.0600s

进度: 28/81

运行测试: delta on maze (nodes=200, seed=100)
开始生成delta-PRM...
目标采样: 200 个节点...
已采样 50/200 节点，连续失败: 0
已采样 100/200 节点，连续失败: 0
已采样 150/200 节点，连续失败: 0
已采样 200/200 节点，连续失败: 0
delta-PRM生成完成！
节点数: 81
边数: 173
生成时间: 0.11 秒
总尝试次数: 286, 成功率: 69.9%
✓ 成功: delta on maze (nodes=200, seed=100)
  - 生成时间: 0.115s
  - 实际节点数: 81
  - 边数: 173
  - 路径成功: True
  - 路径长度: 8.785
  - 搜索时间: 0.0282s

进度: 29/81

运行测试: delta on maze (nodes=200, seed=101)
开始生成delta-PRM...
目标采样: 200 个节点...
已采样 50/200 节点，连续失败: 0
已采样 100/200 节点，连续失败: 0
已采样 150/200 节点，连续失败: 0
已采样 200/200 节点，连续失败: 0
delta-PRM生成完成！
节点数: 85
边数: 201
生成时间: 0.12 秒
总尝试次数: 303, 成功率: 66.0%
✓ 成功: delta on maze (nodes=200, seed=101)
  - 生成时间: 0.119s
  - 实际节点数: 85
  - 边数: 201
  - 路径成功: True
  - 路径长度: 8.676
  - 搜索时间: 0.0306s

进度: 30/81

运行测试: delta on maze (nodes=200, seed=102)
开始生成delta-PRM...
目标采样: 200 个节点...
已采样 50/200 节点，连续失败: 0
已采样 100/200 节点，连续失败: 0
已采样 150/200 节点，连续失败: 0
已采样 200/200 节点，连续失败: 0
delta-PRM生成完成！
节点数: 68
边数: 148
生成时间: 0.12 秒
总尝试次数: 335, 成功率: 59.7%
✓ 成功: delta on maze (nodes=200, seed=102)
  - 生成时间: 0.120s
  - 实际节点数: 68
  - 边数: 148
  - 路径成功: True
  - 路径长度: 12.714
  - 搜索时间: 0.0301s

进度: 31/81

运行测试: delta on maze (nodes=500, seed=100)
开始生成delta-PRM...
目标采样: 500 个节点...
已采样 50/500 节点，连续失败: 0
已采样 100/500 节点，连续失败: 0
已采样 150/500 节点，连续失败: 0
已采样 200/500 节点，连续失败: 0
已采样 250/500 节点，连续失败: 0
已采样 300/500 节点，连续失败: 0
已采样 350/500 节点，连续失败: 0
已采样 400/500 节点，连续失败: 0
已采样 450/500 节点，连续失败: 0
达到最大连续失败次数：100次
delta-PRM生成完成！
节点数: 480
边数: 2617
生成时间: 0.68 秒
总尝试次数: 2403, 成功率: 20.0%
✓ 成功: delta on maze (nodes=500, seed=100)
  - 生成时间: 0.676s
  - 实际节点数: 480
  - 边数: 2617
  - 路径成功: True
  - 路径长度: 18.813
  - 搜索时间: 0.1048s

进度: 32/81

运行测试: delta on maze (nodes=500, seed=101)
开始生成delta-PRM...
目标采样: 500 个节点...
已采样 50/500 节点，连续失败: 0
已采样 100/500 节点，连续失败: 0
已采样 150/500 节点，连续失败: 0
已采样 200/500 节点，连续失败: 0
已采样 250/500 节点，连续失败: 0
已采样 300/500 节点，连续失败: 0
已采样 350/500 节点，连续失败: 0
已采样 400/500 节点，连续失败: 0
已采样 450/500 节点，连续失败: 0
达到最大连续失败次数：100次
delta-PRM生成完成！
节点数: 489
边数: 2750
生成时间: 0.70 秒
总尝试次数: 2999, 成功率: 16.3%
✓ 成功: delta on maze (nodes=500, seed=101)
  - 生成时间: 0.702s
  - 实际节点数: 489
  - 边数: 2750
  - 路径成功: True
  - 路径长度: 14.838
  - 搜索时间: 0.1098s

进度: 33/81

运行测试: delta on maze (nodes=500, seed=102)
开始生成delta-PRM...
目标采样: 500 个节点...
已采样 50/500 节点，连续失败: 0
已采样 100/500 节点，连续失败: 0
已采样 150/500 节点，连续失败: 0
已采样 200/500 节点，连续失败: 0
已采样 250/500 节点，连续失败: 0
已采样 300/500 节点，连续失败: 0
已采样 350/500 节点，连续失败: 0
已采样 400/500 节点，连续失败: 0
已采样 450/500 节点，连续失败: 0
达到最大连续失败次数：100次
delta-PRM生成完成！
节点数: 492
边数: 2807
生成时间: 0.72 秒
总尝试次数: 3101, 成功率: 15.9%
✓ 成功: delta on maze (nodes=500, seed=102)
  - 生成时间: 0.716s
  - 实际节点数: 492
  - 边数: 2807
  - 路径成功: True
  - 路径长度: 17.380
  - 搜索时间: 0.1037s

进度: 34/81

运行测试: delta on maze (nodes=1000, seed=100)
开始生成delta-PRM...
目标采样: 1000 个节点...
已采样 50/1000 节点，连续失败: 0
已采样 100/1000 节点，连续失败: 0
已采样 150/1000 节点，连续失败: 0
已采样 200/1000 节点，连续失败: 0
已采样 250/1000 节点，连续失败: 0
已采样 300/1000 节点，连续失败: 0
已采样 350/1000 节点，连续失败: 0
已采样 400/1000 节点，连续失败: 0
已采样 450/1000 节点，连续失败: 0
达到最大连续失败次数：100次
delta-PRM生成完成！
节点数: 480
边数: 2617
生成时间: 0.66 秒
总尝试次数: 2403, 成功率: 20.0%
✓ 成功: delta on maze (nodes=1000, seed=100)
  - 生成时间: 0.659s
  - 实际节点数: 480
  - 边数: 2617
  - 路径成功: True
  - 路径长度: 18.813
  - 搜索时间: 0.1041s

进度: 35/81

运行测试: delta on maze (nodes=1000, seed=101)
开始生成delta-PRM...
目标采样: 1000 个节点...
已采样 50/1000 节点，连续失败: 0
已采样 100/1000 节点，连续失败: 0
已采样 150/1000 节点，连续失败: 0
已采样 200/1000 节点，连续失败: 0
已采样 250/1000 节点，连续失败: 0
已采样 300/1000 节点，连续失败: 0
已采样 350/1000 节点，连续失败: 0
已采样 400/1000 节点，连续失败: 0
已采样 450/1000 节点，连续失败: 0
达到最大连续失败次数：100次
delta-PRM生成完成！
节点数: 489
边数: 2750
生成时间: 0.69 秒
总尝试次数: 2999, 成功率: 16.3%
✓ 成功: delta on maze (nodes=1000, seed=101)
  - 生成时间: 0.694s
  - 实际节点数: 489
  - 边数: 2750
  - 路径成功: True
  - 路径长度: 14.838
  - 搜索时间: 0.1096s

进度: 36/81

运行测试: delta on maze (nodes=1000, seed=102)
开始生成delta-PRM...
目标采样: 1000 个节点...
已采样 50/1000 节点，连续失败: 0
已采样 100/1000 节点，连续失败: 0
已采样 150/1000 节点，连续失败: 0
已采样 200/1000 节点，连续失败: 0
已采样 250/1000 节点，连续失败: 0
已采样 300/1000 节点，连续失败: 0
已采样 350/1000 节点，连续失败: 0
已采样 400/1000 节点，连续失败: 0
已采样 450/1000 节点，连续失败: 0
达到最大连续失败次数：100次
delta-PRM生成完成！
节点数: 492
边数: 2807
生成时间: 0.72 秒
总尝试次数: 3101, 成功率: 15.9%
✓ 成功: delta on maze (nodes=1000, seed=102)
  - 生成时间: 0.717s
  - 实际节点数: 492
  - 边数: 2807
  - 路径成功: True
  - 路径长度: 17.380
  - 搜索时间: 0.1049s

进度: 37/81

运行测试: beam on maze (nodes=200, seed=100)
探索节点 (8.734955152260188, 2.050180796748458) | 已生成 20/200
探索节点 (3.52, 7.87) | 已生成 80/200
探索节点 (6.58, 4.35) | 已生成 120/200
探索节点 (5.9, 7.42) | 已生成 150/200
探索节点 (7.86, 6.92) | 已生成 160/200
探索节点 (5.9, 8.79) | 已生成 170/200
探索节点 (1.97, 9.32) | 已生成 180/200
minus time: 0.01 秒
✓ 成功: beam on maze (nodes=200, seed=100)
  - 生成时间: 0.199s
  - 实际节点数: 85
  - 边数: 220
  - 路径成功: True
  - 路径长度: 7.858
  - 搜索时间: 0.0179s

进度: 38/81

运行测试: beam on maze (nodes=200, seed=101)
探索节点 (0.8189020499007681, 5.914774538453942) | 已生成 30/200
探索节点 (6.874771497819093, 8.726702717458627) | 已生成 40/200
探索节点 (7.144129021418655, 2.7071405192731754) | 已生成 70/200
探索节点 (3.01, 5.88) | 已生成 80/200
探索节点 (7.1, 1.19) | 已生成 90/200
探索节点 (7.64, 6.07) | 已生成 150/200
探索节点 (3.38, 8.76) | 已生成 170/200
探索节点 (1.94, 5.91) | 已生成 180/200
minus time: 0.01 秒
✓ 成功: beam on maze (nodes=200, seed=101)
  - 生成时间: 0.203s
  - 实际节点数: 76
  - 边数: 151
  - 路径成功: True
  - 路径长度: 10.629
  - 搜索时间: 0.0271s

进度: 39/81

运行测试: beam on maze (nodes=200, seed=102)
探索节点 (5.18, 8.77) | 已生成 120/200
探索节点 (4.62, 9.09) | 已生成 120/200
探索节点 (1.17, 9.16) | 已生成 160/200
minus time: 0.00 秒
✓ 成功: beam on maze (nodes=200, seed=102)
  - 生成时间: 0.197s
  - 实际节点数: 40
  - 边数: 80
  - 路径成功: False

进度: 40/81

运行测试: beam on maze (nodes=500, seed=100)
探索节点 (8.734955152260188, 2.050180796748458) | 已生成 20/500
探索节点 (3.52, 7.87) | 已生成 80/500
探索节点 (6.58, 4.35) | 已生成 120/500
探索节点 (5.9, 7.42) | 已生成 150/500
探索节点 (7.86, 6.92) | 已生成 160/500
探索节点 (5.9, 8.79) | 已生成 170/500
探索节点 (1.97, 9.32) | 已生成 180/500
探索节点 (8.67, 4.99) | 已生成 200/500
探索节点 (9.36, 2.93) | 已生成 240/500
探索节点 (0.63, 8.39) | 已生成 250/500
探索节点 (1.78, 6.25) | 已生成 250/500
探索节点 (7.67, 7.85) | 已生成 270/500
frontier 为空，无法继续扩展。
minus time: 0.04 秒
✓ 成功: beam on maze (nodes=500, seed=100)
  - 生成时间: 0.511s
  - 实际节点数: 285
  - 边数: 781
  - 路径成功: True
  - 路径长度: 22.591
  - 搜索时间: 0.0611s

进度: 41/81

运行测试: beam on maze (nodes=500, seed=101)
探索节点 (0.8189020499007681, 5.914774538453942) | 已生成 30/500
探索节点 (6.874771497819093, 8.726702717458627) | 已生成 40/500
探索节点 (7.144129021418655, 2.7071405192731754) | 已生成 70/500
探索节点 (3.01, 5.88) | 已生成 80/500
探索节点 (7.1, 1.19) | 已生成 90/500
探索节点 (7.64, 6.07) | 已生成 150/500
探索节点 (3.38, 8.76) | 已生成 170/500
探索节点 (1.94, 5.91) | 已生成 180/500
探索节点 (2.94, 4.44) | 已生成 210/500
探索节点 (2.63, 4.63) | 已生成 210/500
探索节点 (1.33, 3.63) | 已生成 210/500
探索节点 (8.77, 6.07) | 已生成 220/500
探索节点 (9.39, 6.07) | 已生成 260/500
探索节点 (0.49, 9.49) | 已生成 260/500
探索节点 (1.41, 7.08) | 已生成 260/500
探索节点 (5.46, 8.51) | 已生成 260/500
探索节点 (1.21, 0.71) | 已生成 260/500
探索节点 (2.51, 0.52) | 已生成 260/500
探索节点 (9.02, 5.4) | 已生成 270/500
探索节点 (9.21, 3.96) | 已生成 270/500
探索节点 (1.65, 4.57) | 已生成 270/500
探索节点 (7.87, 6.67) | 已生成 270/500
探索节点 (5.14, 7.61) | 已生成 270/500
探索节点 (6.68, 6.78) | 已生成 270/500
探索节点 (4.2, 6.85) | 已生成 270/500
探索节点 (4.52, 6.32) | 已生成 270/500
frontier 为空，无法继续扩展。
minus time: 0.05 秒
✓ 成功: beam on maze (nodes=500, seed=101)
  - 生成时间: 0.481s
  - 实际节点数: 273
  - 边数: 703
  - 路径成功: True
  - 路径长度: 13.343
  - 搜索时间: 0.0470s

进度: 42/81

运行测试: beam on maze (nodes=500, seed=102)
探索节点 (5.18, 8.77) | 已生成 120/500
探索节点 (4.62, 9.09) | 已生成 120/500
探索节点 (1.17, 9.16) | 已生成 160/500
探索节点 (8.43, 7.06) | 已生成 210/500
探索节点 (6.86, 6.62) | 已生成 220/500
探索节点 (3.43, 3.61) | 已生成 260/500
frontier 为空，无法继续扩展。
minus time: 0.05 秒
✓ 成功: beam on maze (nodes=500, seed=102)
  - 生成时间: 0.536s
  - 实际节点数: 286
  - 边数: 773
  - 路径成功: True
  - 路径长度: 19.868
  - 搜索时间: 0.0546s

进度: 43/81

运行测试: beam on maze (nodes=1000, seed=100)
探索节点 (8.734955152260188, 2.050180796748458) | 已生成 20/1000
探索节点 (3.52, 7.87) | 已生成 80/1000
探索节点 (6.58, 4.35) | 已生成 120/1000
探索节点 (5.9, 7.42) | 已生成 150/1000
探索节点 (7.86, 6.92) | 已生成 160/1000
探索节点 (5.9, 8.79) | 已生成 170/1000
探索节点 (1.97, 9.32) | 已生成 180/1000
探索节点 (8.67, 4.99) | 已生成 200/1000
探索节点 (9.36, 2.93) | 已生成 240/1000
探索节点 (0.63, 8.39) | 已生成 250/1000
探索节点 (1.78, 6.25) | 已生成 250/1000
探索节点 (7.67, 7.85) | 已生成 270/1000
frontier 为空，无法继续扩展。
minus time: 0.04 秒
✓ 成功: beam on maze (nodes=1000, seed=100)
  - 生成时间: 0.518s
  - 实际节点数: 285
  - 边数: 781
  - 路径成功: True
  - 路径长度: 22.591
  - 搜索时间: 0.0621s

进度: 44/81

运行测试: beam on maze (nodes=1000, seed=101)
探索节点 (0.8189020499007681, 5.914774538453942) | 已生成 30/1000
探索节点 (6.874771497819093, 8.726702717458627) | 已生成 40/1000
探索节点 (7.144129021418655, 2.7071405192731754) | 已生成 70/1000
探索节点 (3.01, 5.88) | 已生成 80/1000
探索节点 (7.1, 1.19) | 已生成 90/1000
探索节点 (7.64, 6.07) | 已生成 150/1000
探索节点 (3.38, 8.76) | 已生成 170/1000
探索节点 (1.94, 5.91) | 已生成 180/1000
探索节点 (2.94, 4.44) | 已生成 210/1000
探索节点 (2.63, 4.63) | 已生成 210/1000
探索节点 (1.33, 3.63) | 已生成 210/1000
探索节点 (8.77, 6.07) | 已生成 220/1000
探索节点 (9.39, 6.07) | 已生成 260/1000
探索节点 (0.49, 9.49) | 已生成 260/1000
探索节点 (1.41, 7.08) | 已生成 260/1000
探索节点 (5.46, 8.51) | 已生成 260/1000
探索节点 (1.21, 0.71) | 已生成 260/1000
探索节点 (2.51, 0.52) | 已生成 260/1000
探索节点 (9.02, 5.4) | 已生成 270/1000
探索节点 (9.21, 3.96) | 已生成 270/1000
探索节点 (1.65, 4.57) | 已生成 270/1000
探索节点 (7.87, 6.67) | 已生成 270/1000
探索节点 (5.14, 7.61) | 已生成 270/1000
探索节点 (6.68, 6.78) | 已生成 270/1000
探索节点 (4.2, 6.85) | 已生成 270/1000
探索节点 (4.52, 6.32) | 已生成 270/1000
frontier 为空，无法继续扩展。
minus time: 0.04 秒
✓ 成功: beam on maze (nodes=1000, seed=101)
  - 生成时间: 0.481s
  - 实际节点数: 273
  - 边数: 703
  - 路径成功: True
  - 路径长度: 13.343
  - 搜索时间: 0.0468s

进度: 45/81

运行测试: beam on maze (nodes=1000, seed=102)
探索节点 (5.18, 8.77) | 已生成 120/1000
探索节点 (4.62, 9.09) | 已生成 120/1000
探索节点 (1.17, 9.16) | 已生成 160/1000
探索节点 (8.43, 7.06) | 已生成 210/1000
探索节点 (6.86, 6.62) | 已生成 220/1000
探索节点 (3.43, 3.61) | 已生成 260/1000
frontier 为空，无法继续扩展。
minus time: 0.05 秒
✓ 成功: beam on maze (nodes=1000, seed=102)
  - 生成时间: 0.530s
  - 实际节点数: 286
  - 边数: 773
  - 路径成功: True
  - 路径长度: 19.868
  - 搜索时间: 0.0547s

进度: 46/81

运行测试: spars on maze (nodes=200, seed=100)
开始生成SPARS路径图 (max_samples=200, stretch_factor=3.0)
SPARS生成完成！
稀疏图节点数: 106
稀疏图边数: 52
稠密图节点数: 200
稠密图边数: 203
✓ 成功: spars on maze (nodes=200, seed=100)
  - 生成时间: 0.032s
  - 实际节点数: 106
  - 边数: 52
  - 路径成功: False

进度: 47/81

运行测试: spars on maze (nodes=200, seed=101)
开始生成SPARS路径图 (max_samples=200, stretch_factor=3.0)
SPARS生成完成！
稀疏图节点数: 105
稀疏图边数: 51
稠密图节点数: 200
稠密图边数: 199
✓ 成功: spars on maze (nodes=200, seed=101)
  - 生成时间: 0.031s
  - 实际节点数: 105
  - 边数: 51
  - 路径成功: False

进度: 48/81

运行测试: spars on maze (nodes=200, seed=102)
开始生成SPARS路径图 (max_samples=200, stretch_factor=3.0)
SPARS生成完成！
稀疏图节点数: 100
稀疏图边数: 48
稠密图节点数: 200
稠密图边数: 184
✓ 成功: spars on maze (nodes=200, seed=102)
  - 生成时间: 0.030s
  - 实际节点数: 100
  - 边数: 48
  - 路径成功: True
  - 路径长度: 3.160
  - 搜索时间: 0.0177s

进度: 49/81

运行测试: spars on maze (nodes=500, seed=100)
开始生成SPARS路径图 (max_samples=500, stretch_factor=3.0)
SPARS生成完成！
稀疏图节点数: 170
稀疏图边数: 175
稠密图节点数: 500
稠密图边数: 1202
✓ 成功: spars on maze (nodes=500, seed=100)
  - 生成时间: 0.153s
  - 实际节点数: 170
  - 边数: 175
  - 路径成功: True
  - 路径长度: 2.563
  - 搜索时间: 0.0190s

进度: 50/81

运行测试: spars on maze (nodes=500, seed=101)
开始生成SPARS路径图 (max_samples=500, stretch_factor=3.0)
SPARS生成完成！
稀疏图节点数: 162
稀疏图边数: 167
稠密图节点数: 500
稠密图边数: 1213
✓ 成功: spars on maze (nodes=500, seed=101)
  - 生成时间: 0.152s
  - 实际节点数: 162
  - 边数: 167
  - 路径成功: False

进度: 51/81

运行测试: spars on maze (nodes=500, seed=102)
开始生成SPARS路径图 (max_samples=500, stretch_factor=3.0)
SPARS生成完成！
稀疏图节点数: 165
稀疏图边数: 157
稠密图节点数: 500
稠密图边数: 1263
✓ 成功: spars on maze (nodes=500, seed=102)
  - 生成时间: 0.148s
  - 实际节点数: 165
  - 边数: 157
  - 路径成功: True
  - 路径长度: 7.789
  - 搜索时间: 0.0424s

进度: 52/81

运行测试: spars on maze (nodes=1000, seed=100)
开始生成SPARS路径图 (max_samples=1000, stretch_factor=3.0)
达到最大失败次数100，停止采样。
SPARS生成完成！
稀疏图节点数: 214
稀疏图边数: 329
稠密图节点数: 967
稠密图边数: 4675
✓ 成功: spars on maze (nodes=1000, seed=100)
  - 生成时间: 0.505s
  - 实际节点数: 214
  - 边数: 329
  - 路径成功: True
  - 路径长度: 13.012
  - 搜索时间: 0.0536s

进度: 53/81

运行测试: spars on maze (nodes=1000, seed=101)
开始生成SPARS路径图 (max_samples=1000, stretch_factor=3.0)
SPARS生成完成！
稀疏图节点数: 212
稀疏图边数: 301
稠密图节点数: 1000
稠密图边数: 5014
✓ 成功: spars on maze (nodes=1000, seed=101)
  - 生成时间: 0.516s
  - 实际节点数: 212
  - 边数: 301
  - 路径成功: True
  - 路径长度: 10.881
  - 搜索时间: 0.0466s

进度: 54/81

运行测试: spars on maze (nodes=1000, seed=102)
开始生成SPARS路径图 (max_samples=1000, stretch_factor=3.0)
SPARS生成完成！
稀疏图节点数: 221
稀疏图边数: 325
稠密图节点数: 1000
稠密图边数: 4901
✓ 成功: spars on maze (nodes=1000, seed=102)
  - 生成时间: 0.512s
  - 实际节点数: 221
  - 边数: 325
  - 路径成功: True
  - 路径长度: 5.877
  - 搜索时间: 0.0359s

进度: 55/81

运行测试: delta on indoor (nodes=200, seed=100)
开始生成delta-PRM...
目标采样: 200 个节点...
已采样 50/200 节点，连续失败: 0
已采样 100/200 节点，连续失败: 0
已采样 150/200 节点，连续失败: 0
已采样 200/200 节点，连续失败: 0
delta-PRM生成完成！
节点数: 100
边数: 346
生成时间: 0.11 秒
总尝试次数: 281, 成功率: 71.2%
✓ 成功: delta on indoor (nodes=200, seed=100)
  - 生成时间: 0.107s
  - 实际节点数: 100
  - 边数: 346
  - 路径成功: True
  - 路径长度: 5.478
  - 搜索时间: 0.0387s

进度: 56/81

运行测试: delta on indoor (nodes=200, seed=101)
开始生成delta-PRM...
目标采样: 200 个节点...
已采样 50/200 节点，连续失败: 0
已采样 100/200 节点，连续失败: 0
已采样 150/200 节点，连续失败: 0
已采样 200/200 节点，连续失败: 0
delta-PRM生成完成！
节点数: 200
边数: 688
生成时间: 0.11 秒
总尝试次数: 302, 成功率: 66.2%
✓ 成功: delta on indoor (nodes=200, seed=101)
  - 生成时间: 0.113s
  - 实际节点数: 200
  - 边数: 688
  - 路径成功: True
  - 路径长度: 10.890
  - 搜索时间: 0.0762s

进度: 57/81

运行测试: delta on indoor (nodes=200, seed=102)
开始生成delta-PRM...
目标采样: 200 个节点...
已采样 50/200 节点，连续失败: 0
已采样 100/200 节点，连续失败: 0
已采样 150/200 节点，连续失败: 0
已采样 200/200 节点，连续失败: 0
delta-PRM生成完成！
节点数: 183
边数: 621
生成时间: 0.11 秒
总尝试次数: 282, 成功率: 70.9%
✓ 成功: delta on indoor (nodes=200, seed=102)
  - 生成时间: 0.108s
  - 实际节点数: 183
  - 边数: 621
  - 路径成功: True
  - 路径长度: 9.371
  - 搜索时间: 0.0688s

进度: 58/81

运行测试: delta on indoor (nodes=500, seed=100)
开始生成delta-PRM...
目标采样: 500 个节点...
已采样 50/500 节点，连续失败: 0
已采样 100/500 节点，连续失败: 0
已采样 150/500 节点，连续失败: 0
已采样 200/500 节点，连续失败: 0
已采样 250/500 节点，连续失败: 0
已采样 300/500 节点，连续失败: 0
已采样 350/500 节点，连续失败: 0
已采样 400/500 节点，连续失败: 0
已采样 450/500 节点，连续失败: 0
达到最大连续失败次数：100次
delta-PRM生成完成！
节点数: 467
边数: 3678
生成时间: 0.60 秒
总尝试次数: 1929, 成功率: 24.2%
✓ 成功: delta on indoor (nodes=500, seed=100)
  - 生成时间: 0.600s
  - 实际节点数: 467
  - 边数: 3678
  - 路径成功: True
  - 路径长度: 8.529
  - 搜索时间: 0.1565s

进度: 59/81

运行测试: delta on indoor (nodes=500, seed=101)
开始生成delta-PRM...
目标采样: 500 个节点...
已采样 50/500 节点，连续失败: 0
已采样 100/500 节点，连续失败: 0
已采样 150/500 节点，连续失败: 0
已采样 200/500 节点，连续失败: 0
已采样 250/500 节点，连续失败: 0
已采样 300/500 节点，连续失败: 0
已采样 350/500 节点，连续失败: 0
已采样 400/500 节点，连续失败: 0
已采样 450/500 节点，连续失败: 0
已采样 500/500 节点，连续失败: 0
delta-PRM生成完成！
节点数: 500
边数: 4080
生成时间: 0.68 秒
总尝试次数: 2511, 成功率: 19.9%
✓ 成功: delta on indoor (nodes=500, seed=101)
  - 生成时间: 0.678s
  - 实际节点数: 500
  - 边数: 4080
  - 路径成功: True
  - 路径长度: 8.504
  - 搜索时间: 0.1379s

进度: 60/81

运行测试: delta on indoor (nodes=500, seed=102)
开始生成delta-PRM...
目标采样: 500 个节点...
已采样 50/500 节点，连续失败: 0
已采样 100/500 节点，连续失败: 0
已采样 150/500 节点，连续失败: 0
已采样 200/500 节点，连续失败: 0
已采样 250/500 节点，连续失败: 0
已采样 300/500 节点，连续失败: 0
已采样 350/500 节点，连续失败: 0
已采样 400/500 节点，连续失败: 0
已采样 450/500 节点，连续失败: 0
已采样 500/500 节点，连续失败: 0
delta-PRM生成完成！
节点数: 500
边数: 4133
生成时间: 0.67 秒
总尝试次数: 2245, 成功率: 22.3%
✓ 成功: delta on indoor (nodes=500, seed=102)
  - 生成时间: 0.668s
  - 实际节点数: 500
  - 边数: 4133
  - 路径成功: True
  - 路径长度: 7.491
  - 搜索时间: 0.1476s

进度: 61/81

运行测试: delta on indoor (nodes=1000, seed=100)
开始生成delta-PRM...
目标采样: 1000 个节点...
已采样 50/1000 节点，连续失败: 0
已采样 100/1000 节点，连续失败: 0
已采样 150/1000 节点，连续失败: 0
已采样 200/1000 节点，连续失败: 0
已采样 250/1000 节点，连续失败: 0
已采样 300/1000 节点，连续失败: 0
已采样 350/1000 节点，连续失败: 0
已采样 400/1000 节点，连续失败: 0
已采样 450/1000 节点，连续失败: 0
达到最大连续失败次数：100次
delta-PRM生成完成！
节点数: 467
边数: 3678
生成时间: 0.58 秒
总尝试次数: 1929, 成功率: 24.2%
✓ 成功: delta on indoor (nodes=1000, seed=100)
  - 生成时间: 0.585s
  - 实际节点数: 467
  - 边数: 3678
  - 路径成功: True
  - 路径长度: 8.529
  - 搜索时间: 0.1541s

进度: 62/81

运行测试: delta on indoor (nodes=1000, seed=101)
开始生成delta-PRM...
目标采样: 1000 个节点...
已采样 50/1000 节点，连续失败: 0
已采样 100/1000 节点，连续失败: 0
已采样 150/1000 节点，连续失败: 0
已采样 200/1000 节点，连续失败: 0
已采样 250/1000 节点，连续失败: 0
已采样 300/1000 节点，连续失败: 0
已采样 350/1000 节点，连续失败: 0
已采样 400/1000 节点，连续失败: 0
已采样 450/1000 节点，连续失败: 0
已采样 500/1000 节点，连续失败: 0
达到最大连续失败次数：100次
delta-PRM生成完成！
节点数: 530
边数: 4570
生成时间: 0.75 秒
总尝试次数: 3307, 成功率: 16.0%
✓ 成功: delta on indoor (nodes=1000, seed=101)
  - 生成时间: 0.749s
  - 实际节点数: 530
  - 边数: 4570
  - 路径成功: True
  - 路径长度: 5.795
  - 搜索时间: 0.1630s

进度: 63/81

运行测试: delta on indoor (nodes=1000, seed=102)
开始生成delta-PRM...
目标采样: 1000 个节点...
已采样 50/1000 节点，连续失败: 0
已采样 100/1000 节点，连续失败: 0
已采样 150/1000 节点，连续失败: 0
已采样 200/1000 节点，连续失败: 0
已采样 250/1000 节点，连续失败: 0
已采样 300/1000 节点，连续失败: 0
已采样 350/1000 节点，连续失败: 0
已采样 400/1000 节点，连续失败: 0
已采样 450/1000 节点，连续失败: 0
已采样 500/1000 节点，连续失败: 0
达到最大连续失败次数：100次
delta-PRM生成完成！
节点数: 514
边数: 4361
生成时间: 0.71 秒
总尝试次数: 2641, 成功率: 19.5%
✓ 成功: delta on indoor (nodes=1000, seed=102)
  - 生成时间: 0.706s
  - 实际节点数: 514
  - 边数: 4361
  - 路径成功: True
  - 路径长度: 7.081
  - 搜索时间: 0.1688s

进度: 64/81

运行测试: beam on indoor (nodes=200, seed=100)
探索节点 (9.083568636230742, 5.884395293880336) | 已生成 50/200
探索节点 (5.11, 9.42) | 已生成 110/200
探索节点 (9.85, 7.46) | 已生成 130/200
探索节点 (5.31, 4.64) | 已生成 140/200
探索节点 (9.75, 0.72) | 已生成 150/200
探索节点 (1.55, 9.63) | 已生成 150/200
探索节点 (4.35, 0.93) | 已生成 190/200
探索节点 (5.25, 0.32) | 已生成 190/200
探索节点 (0.95, 8.68) | 已生成 190/200
minus time: 0.02 秒
✓ 成功: beam on indoor (nodes=200, seed=100)
  - 生成时间: 0.444s
  - 实际节点数: 200
  - 边数: 879
  - 路径成功: True
  - 路径长度: 8.104
  - 搜索时间: 0.0275s

进度: 65/81

运行测试: beam on indoor (nodes=200, seed=101)
探索节点 (5.29, 6.81) | 已生成 100/200
探索节点 (0.54, 5.31) | 已生成 110/200
探索节点 (0.46, 9.76) | 已生成 120/200
探索节点 (0.86, 8.75) | 已生成 120/200
探索节点 (5.21, 0.37) | 已生成 130/200
探索节点 (1.84, 2.85) | 已生成 150/200
探索节点 (4.46, 4.47) | 已生成 180/200
探索节点 (5.75, 2.49) | 已生成 180/200
探索节点 (4.33, 9.64) | 已生成 180/200
探索节点 (7.9, 6.54) | 已生成 180/200
探索节点 (9.52, 6.35) | 已生成 180/200
探索节点 (9.84, 4.44) | 已生成 180/200
探索节点 (6.37, 0.95) | 已生成 180/200
探索节点 (9.84, 7.67) | 已生成 190/200
探索节点 (3.31, 6.43) | 已生成 190/200
探索节点 (2.73, 9.15) | 已生成 190/200
minus time: 0.02 秒
✓ 成功: beam on indoor (nodes=200, seed=101)
  - 生成时间: 0.464s
  - 实际节点数: 200
  - 边数: 875
  - 路径成功: True
  - 路径长度: 6.755
  - 搜索时间: 0.0265s

进度: 66/81

运行测试: beam on indoor (nodes=200, seed=102)
探索节点 (5.302155243617476, 5.158796389949951) | 已生成 50/200
探索节点 (3.6509018504793285, 5.0158224505263025) | 已生成 70/200
探索节点 (6.98, 3.56) | 已生成 100/200
探索节点 (2.81, 8.83) | 已生成 110/200
探索节点 (8.32, 5.68) | 已生成 160/200
探索节点 (3.24, 5.26) | 已生成 180/200
探索节点 (9.67, 3.4) | 已生成 180/200
探索节点 (8.81, 3.65) | 已生成 180/200
探索节点 (8.37, 3.79) | 已生成 180/200
探索节点 (9.74, 2.37) | 已生成 180/200
探索节点 (9.06, 3.26) | 已生成 180/200
探索节点 (4.49, 3.82) | 已生成 180/200
探索节点 (5.7, 2.38) | 已生成 180/200
探索节点 (1.79, 1.78) | 已生成 180/200
探索节点 (1.74, 0.56) | 已生成 180/200
探索节点 (4.99, 4.31) | 已生成 180/200
探索节点 (1.28, 4.31) | 已生成 190/200
minus time: 0.02 秒
✓ 成功: beam on indoor (nodes=200, seed=102)
  - 生成时间: 0.429s
  - 实际节点数: 200
  - 边数: 875
  - 路径成功: True
  - 路径长度: 7.600
  - 搜索时间: 0.0252s

进度: 67/81

运行测试: beam on indoor (nodes=500, seed=100)
探索节点 (9.083568636230742, 5.884395293880336) | 已生成 50/500
探索节点 (5.11, 9.42) | 已生成 110/500
探索节点 (9.85, 7.46) | 已生成 130/500
探索节点 (5.31, 4.64) | 已生成 140/500
探索节点 (9.75, 0.72) | 已生成 150/500
探索节点 (1.55, 9.63) | 已生成 150/500
探索节点 (4.35, 0.93) | 已生成 190/500
探索节点 (5.25, 0.32) | 已生成 190/500
探索节点 (0.95, 8.68) | 已生成 190/500
探索节点 (8.39, 7.78) | 已生成 200/500
探索节点 (9.01, 5.33) | 已生成 200/500
探索节点 (2.89, 1.11) | 已生成 200/500
探索节点 (9.75, 2.36) | 已生成 210/500
探索节点 (6.81, 3.96) | 已生成 210/500
探索节点 (1.45, 4.8) | 已生成 210/500
探索节点 (4.99, 1.3) | 已生成 210/500
探索节点 (4.9, 6.92) | 已生成 210/500
探索节点 (6.3, 4.65) | 已生成 220/500
探索节点 (6.43, 1.1) | 已生成 220/500
frontier 为空，无法继续扩展。
minus time: 0.03 秒
✓ 成功: beam on indoor (nodes=500, seed=100)
  - 生成时间: 0.632s
  - 实际节点数: 229
  - 边数: 1163
  - 路径成功: True
  - 路径长度: 8.070
  - 搜索时间: 0.0282s

进度: 68/81

运行测试: beam on indoor (nodes=500, seed=101)
探索节点 (5.29, 6.81) | 已生成 100/500
探索节点 (0.54, 5.31) | 已生成 110/500
探索节点 (0.46, 9.76) | 已生成 120/500
探索节点 (0.86, 8.75) | 已生成 120/500
探索节点 (5.21, 0.37) | 已生成 130/500
探索节点 (1.84, 2.85) | 已生成 150/500
探索节点 (4.46, 4.47) | 已生成 180/500
探索节点 (5.75, 2.49) | 已生成 180/500
探索节点 (4.33, 9.64) | 已生成 180/500
探索节点 (7.9, 6.54) | 已生成 180/500
探索节点 (9.52, 6.35) | 已生成 180/500
探索节点 (9.84, 4.44) | 已生成 180/500
探索节点 (6.37, 0.95) | 已生成 180/500
探索节点 (9.84, 7.67) | 已生成 190/500
探索节点 (3.31, 6.43) | 已生成 190/500
探索节点 (2.73, 9.15) | 已生成 190/500
探索节点 (3.0, 1.84) | 已生成 200/500
探索节点 (1.26, 0.64) | 已生成 210/500
探索节点 (2.94, 6.85) | 已生成 210/500
探索节点 (2.99, 5.6) | 已生成 210/500
frontier 为空，无法继续扩展。
minus time: 0.03 秒
✓ 成功: beam on indoor (nodes=500, seed=101)
  - 生成时间: 0.574s
  - 实际节点数: 217
  - 边数: 1058
  - 路径成功: True
  - 路径长度: 6.774
  - 搜索时间: 0.0282s

进度: 69/81

运行测试: beam on indoor (nodes=500, seed=102)
探索节点 (5.302155243617476, 5.158796389949951) | 已生成 50/500
探索节点 (3.6509018504793285, 5.0158224505263025) | 已生成 70/500
探索节点 (6.98, 3.56) | 已生成 100/500
探索节点 (2.81, 8.83) | 已生成 110/500
探索节点 (8.32, 5.68) | 已生成 160/500
探索节点 (3.24, 5.26) | 已生成 180/500
探索节点 (9.67, 3.4) | 已生成 180/500
探索节点 (8.81, 3.65) | 已生成 180/500
探索节点 (8.37, 3.79) | 已生成 180/500
探索节点 (9.74, 2.37) | 已生成 180/500
探索节点 (9.06, 3.26) | 已生成 180/500
探索节点 (4.49, 3.82) | 已生成 180/500
探索节点 (5.7, 2.38) | 已生成 180/500
探索节点 (1.79, 1.78) | 已生成 180/500
探索节点 (1.74, 0.56) | 已生成 180/500
探索节点 (4.99, 4.31) | 已生成 180/500
探索节点 (1.28, 4.31) | 已生成 190/500
探索节点 (8.62, 9.88) | 已生成 210/500
探索节点 (8.55, 9.32) | 已生成 210/500
探索节点 (2.62, 4.64) | 已生成 210/500
探索节点 (6.63, 8.42) | 已生成 210/500
探索节点 (6.75, 6.38) | 已生成 210/500
探索节点 (7.18, 1.27) | 已生成 210/500
探索节点 (5.16, 7.33) | 已生成 210/500
探索节点 (7.14, 6.57) | 已生成 210/500
探索节点 (0.84, 6.52) | 已生成 210/500
探索节点 (3.45, 9.11) | 已生成 220/500
探索节点 (3.4, 6.85) | 已生成 220/500
frontier 为空，无法继续扩展。
minus time: 0.03 秒
✓ 成功: beam on indoor (nodes=500, seed=102)
  - 生成时间: 0.620s
  - 实际节点数: 228
  - 边数: 1171
  - 路径成功: True
  - 路径长度: 7.655
  - 搜索时间: 0.0270s

进度: 70/81

运行测试: beam on indoor (nodes=1000, seed=100)
探索节点 (9.083568636230742, 5.884395293880336) | 已生成 50/1000
探索节点 (5.11, 9.42) | 已生成 110/1000
探索节点 (9.85, 7.46) | 已生成 130/1000
探索节点 (5.31, 4.64) | 已生成 140/1000
探索节点 (9.75, 0.72) | 已生成 150/1000
探索节点 (1.55, 9.63) | 已生成 150/1000
探索节点 (4.35, 0.93) | 已生成 190/1000
探索节点 (5.25, 0.32) | 已生成 190/1000
探索节点 (0.95, 8.68) | 已生成 190/1000
探索节点 (8.39, 7.78) | 已生成 200/1000
探索节点 (9.01, 5.33) | 已生成 200/1000
探索节点 (2.89, 1.11) | 已生成 200/1000
探索节点 (9.75, 2.36) | 已生成 210/1000
探索节点 (6.81, 3.96) | 已生成 210/1000
探索节点 (1.45, 4.8) | 已生成 210/1000
探索节点 (4.99, 1.3) | 已生成 210/1000
探索节点 (4.9, 6.92) | 已生成 210/1000
探索节点 (6.3, 4.65) | 已生成 220/1000
探索节点 (6.43, 1.1) | 已生成 220/1000
frontier 为空，无法继续扩展。
minus time: 0.03 秒
✓ 成功: beam on indoor (nodes=1000, seed=100)
  - 生成时间: 0.636s
  - 实际节点数: 229
  - 边数: 1163
  - 路径成功: True
  - 路径长度: 8.070
  - 搜索时间: 0.0283s

进度: 71/81

运行测试: beam on indoor (nodes=1000, seed=101)
探索节点 (5.29, 6.81) | 已生成 100/1000
探索节点 (0.54, 5.31) | 已生成 110/1000
探索节点 (0.46, 9.76) | 已生成 120/1000
探索节点 (0.86, 8.75) | 已生成 120/1000
探索节点 (5.21, 0.37) | 已生成 130/1000
探索节点 (1.84, 2.85) | 已生成 150/1000
探索节点 (4.46, 4.47) | 已生成 180/1000
探索节点 (5.75, 2.49) | 已生成 180/1000
探索节点 (4.33, 9.64) | 已生成 180/1000
探索节点 (7.9, 6.54) | 已生成 180/1000
探索节点 (9.52, 6.35) | 已生成 180/1000
探索节点 (9.84, 4.44) | 已生成 180/1000
探索节点 (6.37, 0.95) | 已生成 180/1000
探索节点 (9.84, 7.67) | 已生成 190/1000
探索节点 (3.31, 6.43) | 已生成 190/1000
探索节点 (2.73, 9.15) | 已生成 190/1000
探索节点 (3.0, 1.84) | 已生成 200/1000
探索节点 (1.26, 0.64) | 已生成 210/1000
探索节点 (2.94, 6.85) | 已生成 210/1000
探索节点 (2.99, 5.6) | 已生成 210/1000
frontier 为空，无法继续扩展。
minus time: 0.03 秒
✓ 成功: beam on indoor (nodes=1000, seed=101)
  - 生成时间: 0.573s
  - 实际节点数: 217
  - 边数: 1058
  - 路径成功: True
  - 路径长度: 6.774
  - 搜索时间: 0.0283s

进度: 72/81

运行测试: beam on indoor (nodes=1000, seed=102)
探索节点 (5.302155243617476, 5.158796389949951) | 已生成 50/1000
探索节点 (3.6509018504793285, 5.0158224505263025) | 已生成 70/1000
探索节点 (6.98, 3.56) | 已生成 100/1000
探索节点 (2.81, 8.83) | 已生成 110/1000
探索节点 (8.32, 5.68) | 已生成 160/1000
探索节点 (3.24, 5.26) | 已生成 180/1000
探索节点 (9.67, 3.4) | 已生成 180/1000
探索节点 (8.81, 3.65) | 已生成 180/1000
探索节点 (8.37, 3.79) | 已生成 180/1000
探索节点 (9.74, 2.37) | 已生成 180/1000
探索节点 (9.06, 3.26) | 已生成 180/1000
探索节点 (4.49, 3.82) | 已生成 180/1000
探索节点 (5.7, 2.38) | 已生成 180/1000
探索节点 (1.79, 1.78) | 已生成 180/1000
探索节点 (1.74, 0.56) | 已生成 180/1000
探索节点 (4.99, 4.31) | 已生成 180/1000
探索节点 (1.28, 4.31) | 已生成 190/1000
探索节点 (8.62, 9.88) | 已生成 210/1000
探索节点 (8.55, 9.32) | 已生成 210/1000
探索节点 (2.62, 4.64) | 已生成 210/1000
探索节点 (6.63, 8.42) | 已生成 210/1000
探索节点 (6.75, 6.38) | 已生成 210/1000
探索节点 (7.18, 1.27) | 已生成 210/1000
探索节点 (5.16, 7.33) | 已生成 210/1000
探索节点 (7.14, 6.57) | 已生成 210/1000
探索节点 (0.84, 6.52) | 已生成 210/1000
探索节点 (3.45, 9.11) | 已生成 220/1000
探索节点 (3.4, 6.85) | 已生成 220/1000
frontier 为空，无法继续扩展。
minus time: 0.03 秒
✓ 成功: beam on indoor (nodes=1000, seed=102)
  - 生成时间: 0.622s
  - 实际节点数: 228
  - 边数: 1171
  - 路径成功: True
  - 路径长度: 7.655
  - 搜索时间: 0.0273s

进度: 73/81

运行测试: spars on indoor (nodes=200, seed=100)
开始生成SPARS路径图 (max_samples=200, stretch_factor=3.0)
SPARS生成完成！
稀疏图节点数: 60
稀疏图边数: 44
稠密图节点数: 200
稠密图边数: 227
✓ 成功: spars on indoor (nodes=200, seed=100)
  - 生成时间: 0.053s
  - 实际节点数: 60
  - 边数: 44
  - 路径成功: False

进度: 74/81

运行测试: spars on indoor (nodes=200, seed=101)
开始生成SPARS路径图 (max_samples=200, stretch_factor=3.0)
SPARS生成完成！
稀疏图节点数: 65
稀疏图边数: 68
稠密图节点数: 200
稠密图边数: 233
✓ 成功: spars on indoor (nodes=200, seed=101)
  - 生成时间: 0.057s
  - 实际节点数: 65
  - 边数: 68
  - 路径成功: True
  - 路径长度: 3.579
  - 搜索时间: 0.0276s

进度: 75/81

运行测试: spars on indoor (nodes=200, seed=102)
开始生成SPARS路径图 (max_samples=200, stretch_factor=3.0)
SPARS生成完成！
稀疏图节点数: 54
稀疏图边数: 41
稠密图节点数: 200
稠密图边数: 207
✓ 成功: spars on indoor (nodes=200, seed=102)
  - 生成时间: 0.052s
  - 实际节点数: 54
  - 边数: 41
  - 路径成功: True
  - 路径长度: 5.072
  - 搜索时间: 0.0252s

进度: 76/81

运行测试: spars on indoor (nodes=500, seed=100)
开始生成SPARS路径图 (max_samples=500, stretch_factor=3.0)
SPARS生成完成！
稀疏图节点数: 97
稀疏图边数: 149
稠密图节点数: 500
稠密图边数: 1364
✓ 成功: spars on indoor (nodes=500, seed=100)
  - 生成时间: 0.262s
  - 实际节点数: 97
  - 边数: 149
  - 路径成功: True
  - 路径长度: 7.157
  - 搜索时间: 0.0383s

进度: 77/81

运行测试: spars on indoor (nodes=500, seed=101)
开始生成SPARS路径图 (max_samples=500, stretch_factor=3.0)
SPARS生成完成！
稀疏图节点数: 88
稀疏图边数: 126
稠密图节点数: 500
稠密图边数: 1372
✓ 成功: spars on indoor (nodes=500, seed=101)
  - 生成时间: 0.250s
  - 实际节点数: 88
  - 边数: 126
  - 路径成功: True
  - 路径长度: 7.998
  - 搜索时间: 0.0331s

进度: 78/81

运行测试: spars on indoor (nodes=500, seed=102)
开始生成SPARS路径图 (max_samples=500, stretch_factor=3.0)
SPARS生成完成！
稀疏图节点数: 79
稀疏图边数: 104
稠密图节点数: 500
稠密图边数: 1328
✓ 成功: spars on indoor (nodes=500, seed=102)
  - 生成时间: 0.223s
  - 实际节点数: 79
  - 边数: 104
  - 路径成功: True
  - 路径长度: 6.410
  - 搜索时间: 0.0334s

进度: 79/81

运行测试: spars on indoor (nodes=1000, seed=100)
开始生成SPARS路径图 (max_samples=1000, stretch_factor=3.0)
SPARS生成完成！
稀疏图节点数: 129
稀疏图边数: 245
稠密图节点数: 1000
稠密图边数: 5317
✓ 成功: spars on indoor (nodes=1000, seed=100)
  - 生成时间: 0.807s
  - 实际节点数: 129
  - 边数: 245
  - 路径成功: True
  - 路径长度: 7.867
  - 搜索时间: 0.0494s

进度: 80/81

运行测试: spars on indoor (nodes=1000, seed=101)
开始生成SPARS路径图 (max_samples=1000, stretch_factor=3.0)
SPARS生成完成！
稀疏图节点数: 117
稀疏图边数: 214
稠密图节点数: 1000
稠密图边数: 5267
✓ 成功: spars on indoor (nodes=1000, seed=101)
  - 生成时间: 0.751s
  - 实际节点数: 117
  - 边数: 214
  - 路径成功: True
  - 路径长度: 10.007
  - 搜索时间: 0.0471s

进度: 81/81

运行测试: spars on indoor (nodes=1000, seed=102)
开始生成SPARS路径图 (max_samples=1000, stretch_factor=3.0)
SPARS生成完成！
稀疏图节点数: 106
稀疏图边数: 192
稠密图节点数: 1000
稠密图边数: 5211
✓ 成功: spars on indoor (nodes=1000, seed=102)
  - 生成时间: 0.709s
  - 实际节点数: 106
  - 边数: 192
  - 路径成功: True
  - 路径长度: 8.612
  - 搜索时间: 0.0432s

============================================================
评测完成！
============================================================
结果保存在: ./pursuer_strategies/PRM/results/scalability_evaluation.csv
总计测试: 81 个
成功测试: 81 个
============================================================
